<?xml version="1.0" encoding="UTF-8"?>
<!-- Place this file in $HOME/.config/ardour*/ where * is the major version -->
<!-- Edit > Preferences > Control Surfaces > Generic MIDI > Protocol -->
<!-- XoneK2 Channel 11 -->
<!-- Midi Fighter Channel 1 and 5 (shift) -->
<ArdourMIDIBindings version="1.0.0" name="Mixxx 4 Decks">
  <DeviceInfo bank-size="4"/>
  <!-- DECK 1 -->
  <!-- lp filter -->
  <Binding channel="11" ctl="5"   uri="/route/plugin/parameter Deck1 1 3"/>
  <!-- hp filter -->
  <Binding channel="11" ctl="13"   uri="/route/plugin/parameter Deck1 2 3"/>
  <!-- SEND/RETURN 1 -->
  <Binding channel="1" ctl="1"   uri="/route/send/gain Deck1 1"/>
  <!-- blease delay feedback -->
  <Binding channel="1" ctl="5"   uri="/route/plugin/parameter D1B1 1 20"/>
  <!-- tal reverb wet -->
  <Binding channel="1" ctl="9"   uri="/route/plugin/parameter D1B1 2 2"/>
  <!-- blease filter frequency -->
  <Binding channel="1" ctl="13"   uri="/route/plugin/parameter D1B1 3 3"/>
  <!-- SEND/RETURN 2 -->
  <Binding channel="5" ctl="1"   uri="/route/send/gain Deck1 2"/>
  <!-- hy-delay feedback -->
  <Binding channel="5" ctl="5"   uri="/route/plugin/parameter D1B2 2 23"/>
  <!-- tal rever wet -->
  <Binding channel="5" ctl="9"   uri="/route/plugin/parameter D1B2 3 2"/>
  <!-- blease filter frequency -->
  <Binding channel="5" ctl="13"   uri="/route/plugin/parameter D1B2 4 3"/>
  <!-- DECK 2 -->
  <Binding channel="11" ctl="6"   uri="/route/plugin/parameter Deck2 1 3"/>
  <!-- hp filter -->
  <Binding channel="11" ctl="14"   uri="/route/plugin/parameter Deck2 2 3"/>
  <!-- SEND/RETURN 1 -->
  <Binding channel="1" ctl="2"   uri="/route/send/gain Deck2 1"/>
  <!-- blease delay feedback -->
  <Binding channel="1" ctl="6"   uri="/route/plugin/parameter D2B1 1 20"/>
  <!-- tal reverb wet -->
  <Binding channel="1" ctl="10"   uri="/route/plugin/parameter D2B1 2 2"/>
  <!-- blease filter frequency -->
  <Binding channel="1" ctl="14"   uri="/route/plugin/parameter D2B1 3 3"/>
  <!-- SEND/RETURN 2 -->
  <Binding channel="5" ctl="2"   uri="/route/send/gain Deck2 2"/>
  <!-- tal rever wet -->
  <Binding channel="5" ctl="6"   uri="/route/plugin/parameter D2B2 3 2"/>
  <!-- hy-delay time -->
  <Binding channel="5" ctl="10"   uri="/route/plugin/parameter D2B2 2 3"/>
  <!-- blease filter frequency -->
  <Binding channel="5" ctl="14"   uri="/route/plugin/parameter D2B2 4 3"/>
  <!-- DECK 3 -->
  <Binding channel="11" ctl="4"   uri="/route/plugin/parameter Deck3 1 3"/>
  <!-- hp filter -->
  <Binding channel="11" ctl="12"   uri="/route/plugin/parameter Deck3 2 3"/>
  <!-- SEND/RETURN 1 -->
  <Binding channel="1" ctl="0"   uri="/route/send/gain Deck3 1"/>
  <!-- blease delay feedback -->
  <Binding channel="1" ctl="4"   uri="/route/plugin/parameter D3B1 1 20"/>
  <!-- tal reverb wet -->
  <Binding channel="1" ctl="8"   uri="/route/plugin/parameter D3B1 2 2"/>
  <!-- blease filter frequency -->
  <Binding channel="1" ctl="12"   uri="/route/plugin/parameter D3B1 3 3"/>
  <!-- SEND/RETURN 2 -->
  <Binding channel="5" ctl="0"   uri="/route/send/gain Deck3 2"/>
  <!-- hy-delay feedback -->
  <Binding channel="5" ctl="4"   uri="/route/plugin/parameter D3B2 2 23"/>
  <!-- tal rever wet -->
  <Binding channel="5" ctl="8"   uri="/route/plugin/parameter D3B2 3 2"/>
  <!-- blease filter frequency -->
  <Binding channel="5" ctl="12"   uri="/route/plugin/parameter D3B2 4 3"/>
  <!-- DECK 3 -->
  <Binding channel="11" ctl="7"   uri="/route/plugin/parameter Deck4 1 3"/>
  <!-- hp filter -->
  <Binding channel="11" ctl="15"   uri="/route/plugin/parameter Deck4 2 3"/>
  <!-- SEND/RETURN 1 -->
  <Binding channel="1" ctl="3"   uri="/route/send/gain Deck4 1"/>
  <!-- blease delay feedback -->
  <Binding channel="1" ctl="7"   uri="/route/plugin/parameter D4B1 1 20"/>
  <!-- tal reverb wet -->
  <Binding channel="1" ctl="11"   uri="/route/plugin/parameter D4B1 2 2"/>
  <!-- blease filter frequency -->
  <Binding channel="1" ctl="15"   uri="/route/plugin/parameter D4B1 3 3"/>
  <!-- SEND/RETURN 2 -->
  <Binding channel="5" ctl="3"   uri="/route/send/gain Deck4 2"/>
  <!-- hy-delay feedback -->
  <Binding channel="5" ctl="7"   uri="/route/plugin/parameter D4B2 2 23"/>
  <!-- tal rever wet -->
  <Binding channel="5" ctl="11"   uri="/route/plugin/parameter D4B2 3 2"/>
  <!-- blease filter frequency -->
  <Binding channel="5" ctl="15"   uri="/route/plugin/parameter D4B2 4 3"/>
</ArdourMIDIBindings>
